// Jest Snapshot v1, https://goo.gl/fbAQLP

exports[`ForgotPassword component render component 1`] = `[Function]`;
