// Jest Snapshot v1, https://goo.gl/fbAQLP

exports[`ThemedButton component renders correctly  1`] = `
<View
  style={
    [
      {
        "overflow": "hidden",
      },
      {
        "borderRadius": 2,
      },
      undefined,
      false,
    ]
  }
  testID="RNE_BUTTON_WRAPPER"
>
  <View
    accessibilityLabel="button-component"
    accessibilityRole="button"
    accessibilityState={
      {
        "busy": false,
        "checked": undefined,
        "disabled": false,
        "expanded": undefined,
        "selected": undefined,
      }
    }
    accessibilityValue={
      {
        "max": undefined,
        "min": undefined,
        "now": undefined,
        "text": undefined,
      }
    }
    accessible={true}
    collapsable={false}
    focusable={true}
    onClick={[Function]}
    onResponderGrant={[Function]}
    onResponderMove={[Function]}
    onResponderRelease={[Function]}
    onResponderTerminate={[Function]}
    onResponderTerminationRequest={[Function]}
    onStartShouldSetResponder={[Function]}
    style={
      {
        "opacity": 1,
      }
    }
    testID="button-component"
  >
    <View
      style={
        {
          "alignItems": "center",
          "backgroundColor": "#0000EE",
          "borderColor": "#2089dc",
          "borderRadius": 10,
          "borderWidth": 0,
          "flexDirection": "row",
          "height": 45,
          "justifyContent": "center",
          "marginHorizontal": 30,
          "padding": 8,
          "paddingHorizontal": 10,
          "width": 100,
        }
      }
    />
  </View>
</View>
`;
