// Jest Snapshot v1, https://goo.gl/fbAQLP

exports[`Load More WorkOrder render component 1`] = `[Function]`;
