// Jest Snapshot v1, https://goo.gl/fbAQLP

exports[`SideDrawer render component 1`] = `[Function]`;
