// Jest Snapshot v1, https://goo.gl/fbAQLP

exports[`Landing component render component 1`] = `[Function]`;
