// Jest Snapshot v1, https://goo.gl/fbAQLP

exports[`WorkOrderList render component 1`] = `[Function]`;
