// Jest Snapshot v1, https://goo.gl/fbAQLP

exports[`Toast component displays the toast notification with the correct message and options 1`] = `null`;
