// Jest Snapshot v1, https://goo.gl/fbAQLP

exports[`Image component passes props to FastImage component 1`] = `[Function]`;
